<html>
<body>
<pre>
<h1>µVision Build Log</h1>
<h2>Tool Versions:</h2>
IDE-Version: ¦ÌVision V5.38.0.0
Copyright (C) 2022 ARM Ltd and ARM Germany GmbH. All rights reserved.
License Information: 123 123, 123, LIC=X96CK-Z1IKU-UH78H-WCMNB-46UJD-7EQKS
 
Tool Versions:
Toolchain:       MDK-ARM Plus  Version: 5.38.0.0
Toolchain Path:  D:\programFiles\KEIL5\ARM\ARMCC\Bin
C Compiler:      Armcc.exe V5.06 update 6 (build 750)
Assembler:       Armasm.exe V5.06 update 6 (build 750)
Linker/Locator:  ArmLink.exe V5.06 update 6 (build 750)
Library Manager: ArmAr.exe V5.06 update 6 (build 750)
Hex Converter:   FromElf.exe V5.06 update 6 (build 750)
CPU DLL:         SARMCM3.DLL V5.38.0.0
Dialog DLL:      DCM.DLL V1.17.5.0
Target DLL:      CMSIS_AGDI.dll V1.33.15.0
Dialog DLL:      TCM.DLL V1.56.4.0
 
<h2>Project:</h2>
C:\Users\dell\Desktop\123456\zhinengyaoxiang\MDK-ARM\yaoxiang.uvprojx
Project File Date:  04/29/2025

<h2>Output:</h2>
*** Using Compiler 'V5.06 update 6 (build 750)', folder: 'D:\programFiles\KEIL5\ARM\ARMCC\Bin'
Build target 'yaoxiang'
compiling esp8266.c...
..\BSP\esp8266.h(29): warning:  #1-D: last line of file ends without a newline
  #endif
..\BSP\esp8266.c(38): warning:  #177-D: variable "i"  was declared but never referenced
  	static int i=0;
..\BSP\esp8266.c(196): warning:  #177-D: variable "send_data1"  was declared but never referenced
  			char send_data1[50]={0};
..\BSP\esp8266.c(11): warning:  #177-D: function "handle_wifi_data"  was declared but never referenced
  static  void handle_wifi_data(void);
..\BSP\esp8266.c: 4 warnings, 0 errors
linking...
Program Size: Code=15176 RO-data=8008 RW-data=44 ZI-data=3620  
FromELF: creating hex file...
"yaoxiang\yaoxiang.axf" - 0 Error(s), 4 Warning(s).

<h2>Software Packages used:</h2>

Package Vendor: ARM
                http://www.keil.com/pack/ARM.CMSIS.5.9.0.pack
                ARM.CMSIS.5.9.0
                CMSIS (Common Microcontroller Software Interface Standard)
   * Component: CORE Version: 5.6.0

Package Vendor: Keil
                https://www.keil.com/pack/Keil.STM32F1xx_DFP.2.4.1.pack
                Keil.STM32F1xx_DFP.2.4.1
                STMicroelectronics STM32F1 Series Device Support, Drivers and Examples

<h2>Collection of Component include folders:</h2>
  ./RTE/_yaoxiang
  C:/Users/dell/AppData/Local/Arm/Packs/ARM/CMSIS/5.9.0/CMSIS/Core/Include
  C:/Users/dell/AppData/Local/Arm/Packs/Keil/STM32F1xx_DFP/2.4.1/Device/Include

<h2>Collection of Component Files used:</h2>

   * Component: ARM::CMSIS:CORE:5.6.0
Build Time Elapsed:  00:00:01
</pre>
</body>
</html>
